<?xml version="1.0" encoding="UTF-8"?>
<TestRun id="e9af498b-d96d-4d4b-95ef-940a2c490aed" name="Masekela@MASEKELA-PC 2012-05-04 21:47:57" runUser="Masekela-PC\Masekela" xmlns="http://microsoft.com/schemas/VisualStudio/TeamTest/2010">
  <TestSettings name="Local" id="028481ce-18f8-4c93-ae56-54a3a6e6bada">
    <Description>These are default test settings for a local test run.</Description>
    <Deployment enabled="false" runDeploymentRoot="Masekela_MASEKELA-PC 2012-05-04 21_47_57">
      <DeploymentItem filename="c:\users\masekela\documents\visual studio 2010\Projects\HisBodyManager\HisBodyManager.Library\bin\Debug\HisBodyManager.Library.dll" />
      <DeploymentItem filename="c:\users\masekela\documents\visual studio 2010\Projects\HisBodyManager\HisBodyManager.Infrastructure\bin\Debug\HisBodyManager.Infrastructure.dll" />
      <DeploymentItem filename="c:\users\masekela\documents\visual studio 2010\Projects\HisBodyManager\HisBodyManager.DataAccess\bin\Debug\HisBodyManager.DataAccess.dll" />
    </Deployment>
    <Execution>
      <TestTypeSpecific />
      <AgentRule name="Execution Agents">
      </AgentRule>
    </Execution>
  </TestSettings>
  <Times creation="2012-05-04T21:47:57.1146712-07:00" queuing="2012-05-04T21:48:06.0741836-07:00" start="2012-05-04T21:48:06.6252151-07:00" finish="2012-05-04T21:48:30.5065811-07:00" />
  <ResultSummary outcome="Completed">
    <Counters total="1" executed="1" passed="1" error="0" failed="0" timeout="0" aborted="0" inconclusive="0" passedButRunAborted="0" notRunnable="0" notExecuted="0" disconnected="0" warning="0" completed="0" inProgress="0" pending="0" />
  </ResultSummary>
  <TestDefinitions>
    <UnitTest name="User_Test_That_It_Is_Working" storage="c:\users\masekela\documents\visual studio 2010\projects\hisbodymanager\hisbodymanager.tests1\bin\debug\hisbodymanager.tests1.dll" id="f3dc30d0-0495-bf48-6b87-fbe99048a844">
      <Execution id="4729c93c-61f0-4046-8957-35b9dcdfa141" />
      <TestMethod codeBase="c:/users/masekela/documents/visual studio 2010/Projects/HisBodyManager/HisBodyManager.Tests1/bin/Debug/HisBodyManager.Tests1.DLL" adapterTypeName="Microsoft.VisualStudio.TestTools.TestTypes.Unit.UnitTestAdapter, Microsoft.VisualStudio.QualityTools.Tips.UnitTest.Adapter, Version=10.0.0.0, Culture=neutral, PublicKeyToken=b03f5f7f11d50a3a" className="HisBodyManager.Tests1.UserEntitiesTests, HisBodyManager.Tests1, Version=1.0.0.0, Culture=neutral, PublicKeyToken=null" name="User_Test_That_It_Is_Working" />
    </UnitTest>
  </TestDefinitions>
  <TestLists>
    <TestList name="Results Not in a List" id="8c84fa94-04c1-424b-9868-57a2d4851a1d" />
    <TestList name="All Loaded Results" id="19431567-8539-422a-85d7-44ee4e166bda" />
  </TestLists>
  <TestEntries>
    <TestEntry testId="f3dc30d0-0495-bf48-6b87-fbe99048a844" executionId="4729c93c-61f0-4046-8957-35b9dcdfa141" testListId="8c84fa94-04c1-424b-9868-57a2d4851a1d" />
  </TestEntries>
  <Results>
    <UnitTestResult executionId="4729c93c-61f0-4046-8957-35b9dcdfa141" testId="f3dc30d0-0495-bf48-6b87-fbe99048a844" testName="User_Test_That_It_Is_Working" computerName="MASEKELA-PC" duration="00:00:20.7966923" startTime="2012-05-04T21:48:07.0852415-07:00" endTime="2012-05-04T21:48:29.8275422-07:00" testType="13cdc9d9-ddb5-4fa4-a97d-d965ccfc6d4b" outcome="Passed" testListId="8c84fa94-04c1-424b-9868-57a2d4851a1d" relativeResultsDirectory="4729c93c-61f0-4046-8957-35b9dcdfa141">
    </UnitTestResult>
  </Results>
</TestRun>